
- NASM Map file ---------------------------------------------------------------

Source file:  kernel.asm
Output file:  kernel.bat

-- Symbols --------------------------------------------------------------------

---- No Section ---------------------------------------------------------------

Value     Name
00004000  DA_32
00000098  DA_C
0000009A  DA_CR
00000092  DA_DRW
00000093  DA_DRWA
0000008E  DA_386IGate
00008000  DA_LIMIT_4K
00000089  DA_386TSS
000A0000  VRAM_ADDRESS
00001000  SystemFontLength
00000148  GdtLen
00000008  SelectorCode32
00000010  SelectorVideo
00000020  SelectorStack
00000018  SelectorVram
00000028  SelectorFont
00000170  IdtLen
0000917C  SpuriousHandler
0000917D  KeyBoardHandler
0000919B  mouseHandler
000091B9  timerHandler
000091D3  stackOverFlowHandler
000091EC  exceptionHandler
0000929C  AsmConsPutCharHandler
00009306  SegCode32Len


---- Section .text ------------------------------------------------------------

Real              Virtual           Name
            8003              8003  LABEL_SYSTEM_FONT
            8003              8003  systemFont

---- Section .gdt -------------------------------------------------------------

Real              Virtual           Name
            9004              9004  LABEL_GDT
            900C              900C  LABEL_DESC_CODE32
            9014              9014  LABEL_DESC_VIDEO
            901C              901C  LABEL_DESC_VRAM
            9024              9024  LABEL_DESC_STACK
            902C              902C  LABEL_DESC_FONT
            9034              9034  LABEL_DESC_6
            903C              903C  LABEL_DESC_7
            9044              9044  LABEL_DESC_8
            904C              904C  LABEL_DESC_9
            9054              9054  LABEL_DESC_10
            914C              914C  GdtPtr
            9152              9152  LABEL_IDT
            91B2              91B2  LABEL_IDT.0Ch
            91BA              91BA  LABEL_IDT.0Dh
            9252              9252  LABEL_IDT.020h
            925A              925A  LABEL_IDT.021h
            92B2              92B2  LABEL_IDT.2CH
            92BA              92BA  LABEL_IDT.2DH
            92C2              92C2  IdtPtr

---- Section .s16 -------------------------------------------------------------

Real              Virtual           Name
            92C8              92C8  LABEL_BEGIN
            92D3              92D3  keystatus
            92D3              92D3  ComputeMemory
            92DC              92DC  ComputeMemory.loop
            9302              9302  LABEL_MEM_CHK_FAIL
            930B              930B  LABEL_MEM_CHK_OK
            939A              939A  init8259A
            93DD              93DD  io_delay

---- Section .s32 -------------------------------------------------------------

Real              Virtual           Name
            93E4              93E4  LABEL_SEG_CODE32
            93FC              93FC  CMain
            9861              9861  ?_001
            989D              989D  ?_002
            9939              9939  ?_003
            9965              9965  ?_004
            99A2              99A2  ?_005
            99DE              99DE  ?_006
            99E8              99E8  ?_007
            9A48              9A48  ?_008
            9A78              9A78  ?_009
            9ADF              9ADF  ?_010
            9B6D              9B6D  ?_011
            9C50              9C50  ?_012
            9CAE              9CAE  ?_013
            9CE3              9CE3  ?_014
            9D39              9D39  ?_015
            9D5B              9D5B  ?_016
            9DA7              9DA7  ?_017
            9DDA              9DDA  ?_018
            9DDF              9DDF  set_cursor
            9DF3              9DF3  ?_019
            9E6A              9E6A  ?_020
            9E71              9E71  isSpecialKey
            9ED1              9ED1  ?_021
            9ED8              9ED8  ?_022
            9EDD              9EDD  ?_023
            9EDF              9EDF  transferScanCode
            9EFC              9EFC  ?_024
            9F13              9F13  ?_025
            9F2D              9F2D  ?_026
            9F47              9F47  ?_027
            9F6A              9F6A  ?_028
            9F74              9F74  ?_029
            9FB6              9FB6  ?_030
            9FC0              9FC0  ?_031
            A029              A029  ?_032
            A02B              A02B  ?_033
            A065              A065  ?_034
            A069              A069  ?_035
            A06D              A06D  ?_036
            A06F              A06F  launch_console
            A103              A103  ?_037
            A127              A127  ?_038
            A238              A238  ?_039
            A33F              A33F  ?_040
            A35D              A35D  ?_041
            A3A2              A3A2  ?_042
            A3AF              A3AF  kill_process
            A400              A400  cmd_dir
            A43C              A43C  ?_043
            A445              A445  ?_044
            A473              A473  ?_045
            A475              A475  ?_046
            A47F              A47F  ?_047
            A49E              A49E  ?_048
            A4BC              A4BC  ?_049
            A584              A584  ?_050
            A5B4              A5B4  cmd_type
            A5DA              A5DA  ?_051
            A612              A612  ?_052
            A644              A644  ?_053
            A646              A646  ?_054
            A650              A650  ?_055
            A667              A667  ?_056
            A674              A674  ?_057
            A6A2              A6A2  ?_058
            A6A4              A6A4  ?_059
            A6AE              A6AE  ?_060
            A6CD              A6CD  ?_061
            A6EB              A6EB  ?_062
            A750              A750  ?_063
            A76E              A76E  ?_064
            A814              A814  ?_065
            A819              A819  ?_066
            A85E              A85E  ?_067
            A90A              A90A  ?_068
            A90E              A90E  ?_069
            A91D              A91D  ?_070
            A921              A921  ?_071
            A92F              A92F  ?_072
            A97F              A97F  ?_073
            A986              A986  cmd_mem
            A9AB              A9AB  ?_074
            AAAA              AAAA  ?_075
            AAB0              AAB0  cmd_cls
            AAD4              AAD4  ?_076
            AAEB              AAEB  ?_077
            AAF4              AAF4  ?_078
            AB1F              AB1F  ?_079
            AB30              AB30  ?_080
            ABBE              ABBE  ?_081
            ABC0              ABC0  cmd_execute_program
            AD18              AD18  ?_082
            ADA2              ADA2  ?_083
            ADA6              ADA6  ?_084
            AE24              AE24  cmd_start
            AEA3              AEA3  ?_085
            AEC7              AEC7  ?_086
            AEFB              AEFB  cmd_ncst
            AF3D              AF3D  ?_087
            AF61              AF61  ?_088
            AF95              AF95  console_task
            B0A5              B0A5  ?_089
            B0D2              B0D2  ?_090
            B127              B127  ?_091
            B14B              B14B  ?_092
            B163              B163  ?_093
            B1A9              B1A9  ?_094
            B21D              B21D  ?_095
            B2E5              B2E5  ?_096
            B30B              B30B  ?_097
            B338              B338  ?_098
            B35E              B35E  ?_099
            B38A              B38A  ?_100
            B3D8              B3D8  ?_101
            B401              B401  ?_102
            B42A              B42A  ?_103
            B452              B452  ?_104
            B464              B464  ?_105
            B506              B506  ?_106
            B5C1              B5C1  ?_107
            B617              B617  ?_108
            B621              B621  cons_putstr
            B629              B629  ?_109
            B646              B646  ?_110
            B657              B657  api_linewin
            B696              B696  ?_111
            B6A3              B6A3  ?_112
            B6C9              B6C9  ?_113
            B6D0              B6D0  ?_114
            B6F5              B6F5  ?_115
            B70E              B70E  ?_116
            B72C              B72C  ?_117
            B733              B733  ?_118
            B758              B758  ?_119
            B76F              B76F  ?_120
            B778              B778  ?_121
            B7AD              B7AD  ?_122
            B7B7              B7B7  handle_keyboard
            B7BD              B7BD  ?_123
            B7EC              B7EC  ?_124
            B807              B807  ?_125
            B861              B861  ?_126
            B8A9              B8A9  ?_127
            B8C2              B8C2  ?_128
            B8D4              B8D4  ?_129
            B8D9              B8D9  ?_130
            B8DB              B8DB  close_constask
            B96B              B96B  close_console
            B9D3              B9D3  ?_131
            B9E0              B9E0  cmd_exit
            BA06              BA06  kernel_api
            BA59              BA59  ?_132
            BA80              BA80  ?_133
            BA9F              BA9F  ?_134
            BBCD              BBCD  ?_135
            BC63              BC63  ?_136
            BCEB              BCEB  ?_137
            BD1D              BD1D  ?_138
            BD62              BD62  ?_139
            BDA5              BDA5  ?_140
            BDE1              BDE1  ?_141
            BE09              BE09  ?_142
            BE25              BE25  ?_143
            BE53              BE53  ?_144
            BE76              BE76  ?_145
            BE90              BE90  ?_146
            BEA3              BEA3  ?_147
            BEC6              BEC6  ?_148
            BECA              BECA  ?_149
            BED4              BED4  ?_150
            BF66              BF66  ?_151
            BF6B              BF6B  ?_152
            BFAD              BFAD  ?_153
            BFD2              BFD2  ?_154
            BFEF              BFEF  ?_155
            C00A              C00A  ?_156
            C022              C022  ?_157
            C047              C047  ?_158
            C074              C074  ?_159
            C091              C091  ?_160
            C0B5              C0B5  ?_161
            C0CE              C0CE  ?_162
            C0E4              C0E4  ?_163
            C11F              C11F  ?_164
            C127              C127  ?_165
            C132              C132  ?_166
            C137              C137  ?_167
            C13E              C13E  cons_putchar
            C212              C212  cons_newline
            C229              C229  ?_168
            C23F              C23F  ?_169
            C248              C248  ?_170
            C251              C251  ?_171
            C28D              C28D  ?_172
            C29E              C29E  ?_173
            C2B4              C2B4  ?_174
            C2BD              C2BD  ?_175
            C2DC              C2DC  ?_176
            C2ED              C2ED  ?_177
            C32E              C32E  ?_178
            C364              C364  ?_179
            C36A              C36A  init_screen8
            C6F1              C6F1  computeMousePosition
            C72F              C72F  ?_180
            C746              C746  ?_181
            C768              C768  ?_182
            C78A              C78A  ?_183
            C78C              C78C  showString
            C7AD              C7AD  ?_184
            C7B2              C7B2  ?_185
            C7C1              C7C1  ?_186
            C80C              C80C  ?_187
            C84B              C84B  ?_188
            C851              C851  show_mouse_info
            C907              C907  ?_189
            CA16              CA16  ?_190
            CA66              CA66  ?_191
            CAD9              CAD9  ?_192
            CB44              CB44  ?_193
            CBC1              CBC1  ?_194
            CBC3              CBC3  ?_195
            CBC7              CBC7  ?_196
            CBD3              CBD3  ?_197
            CBD5              CBD5  ?_198
            CC46              CC46  ?_199
            CC50              CC50  ?_200
            CC52              CC52  initBootInfo
            CC72              CC72  init_palette
            CCA3              CCA3  ?_201
            CCAF              CCAF  ?_202
            CCBB              CCBB  ?_203
            CD76              CD76  ?_204
            CD84              CD84  ?_205
            CD92              CD92  ?_206
            CDBD              CDBD  set_palette
            CDEB              CDEB  ?_207
            CE4D              CE4D  ?_208
            CE67              CE67  boxfill8
            CE7B              CE7B  ?_209
            CE83              CE83  ?_210
            CEA2              CEA2  ?_211
            CEB2              CEB2  ?_212
            CEC0              CEC0  showFont8
            CED8              CED8  ?_213
            CF10              CF10  ?_214
            CF40              CF40  ?_215
            CF70              CF70  ?_216
            CFA0              CFA0  ?_217
            CFD0              CFD0  ?_218
            D000              D000  ?_219
            D030              D030  ?_220
            D060              D060  ?_221
            D064              D064  ?_222
            D070              D070  init_mouse_cursor
            D088              D088  ?_223
            D094              D094  ?_224
            D0C8              D0C8  ?_225
            D0FC              D0FC  ?_226
            D133              D133  ?_227
            D137              D137  ?_228
            D145              D145  ?_229
            D151              D151  putblock
            D160              D160  ?_230
            D169              D169  ?_231
            D1A4              D1A4  ?_232
            D1B0              D1B0  ?_233
            D1BA              D1BA  intHandlerFromC
            D21C              D21C  charToHexVal
            D23B              D23B  ?_234
            D242              D242  ?_235
            D244              D244  charToHexStr
            D297              D297  intToHexStr
            D2BB              D2BB  ?_236
            D2CA              D2CA  ?_237
            D2DD              D2DD  ?_238
            D30C              D30C  ?_239
            D31D              D31D  ?_240
            D321              D321  ?_241
            D335              D335  ?_242
            D33C              D33C  wait_KBC_sendready
            D342              D342  ?_243
            D35B              D35B  ?_244
            D35D              D35D  ?_245
            D35F              D35F  init_keyboard
            D39A              D39A  enable_mouse
            D3DC              D3DC  intHandlerForMouse
            D42F              D42F  mouse_decode
            D45B              D45B  ?_246
            D465              D465  ?_247
            D496              D496  ?_248
            D4A0              D4A0  ?_249
            D4CA              D4CA  ?_250
            D545              D545  ?_251
            D56C              D56C  ?_252
            D583              D583  ?_253
            D588              D588  ?_254
            D58A              D58A  showMemoryInfo
            D7A4              D7A4  message_box
            D88F              D88F  make_window8
            DB54              DB54  make_wtitle8
            DB75              DB75  ?_255
            DB7D              DB7D  ?_256
            DC01              DC01  ?_257
            DC0A              DC0A  ?_258
            DC32              DC32  ?_259
            DC42              DC42  ?_260
            DC52              DC52  ?_261
            DC56              DC56  ?_262
            DC86              DC86  ?_263
            DC94              DC94  ?_264
            DCA4              DCA4  make_textbox8
            DF3D              DF3D  file_loadfile
            DF67              DF67  ?_265
            DF70              DF70  ?_266
            DF7F              DF7F  ?_267
            DF92              DF92  ?_268
            DFC0              DFC0  ?_269
            DFC2              DFC2  ?_270
            DFCC              DFCC  ?_271
            DFEB              DFEB  ?_272
            E009              E009  ?_273
            E08A              E08A  ?_274
            E0A5              E0A5  ?_275
            E0AF              E0AF  ?_276
            E0B3              E0B3  ?_277
            E0C1              E0C1  ?_278
            E0DF              E0DF  intHandlerForStackOverFlow
            E1AA              E1AA  intHandlerForException
            E229              E229  memman_init
            E255              E255  memman_total
            E26B              E26B  ?_279
            E27F              E27F  ?_280
            E28E              E28E  memman_alloc
            E2A1              E2A1  ?_281
            E327              E327  ?_282
            E34F              E34F  ?_283
            E359              E359  ?_284
            E35E              E35E  ?_285
            E362              E362  ?_286
            E375              E375  ?_287
            E37B              E37B  memman_free
            E38B              E38B  ?_288
            E39E              E39E  ?_289
            E3A2              E3A2  ?_290
            E3B0              E3B0  ?_291
            E474              E474  ?_292
            E49C              E49C  ?_293
            E4AA              E4AA  ?_294
            E4B4              E4B4  ?_295
            E518              E518  ?_296
            E532              E532  ?_297
            E55A              E55A  ?_298
            E591              E591  ?_299
            E5B7              E5B7  ?_300
            E5E0              E5E0  ?_301
            E5E6              E5E6  memman_alloc_4k
            E616              E616  memman_free_4k
            E64D              E64D  shtctl_init
            E67D              E67D  ?_302
            E6CA              E6CA  ?_303
            E6F7              E6F7  ?_304
            E735              E735  ?_305
            E745              E745  ?_306
            E747              E747  sheet_alloc
            E756              E756  ?_307
            E7B9              E7B9  ?_308
            E7BD              E7BD  ?_309
            E7CF              E7CF  ?_310
            E7D1              E7D1  sheet_setbuf
            E7FA              E7FA  sheet_updown
            E82A              E82A  ?_311
            E83B              E83B  ?_312
            E862              E862  ?_313
            E896              E896  ?_314
            E95C              E95C  ?_315
            E973              E973  ?_316
            E9A7              E9A7  ?_317
            E9B6              E9B6  ?_318
            EA6E              EA6E  ?_319
            EA8C              EA8C  ?_320
            EAC0              EAC0  ?_321
            EADA              EADA  ?_322
            EAE5              EAE5  ?_323
            EB1F              EB1F  ?_324
            EB4A              EB4A  ?_325
            EBE9              EBE9  ?_326
            EBF1              EBF1  sheet_refresh
            EC69              EC69  ?_327
            EC76              EC76  sheet_slide
            EDC7              EDC7  ?_328
            EDCE              EDCE  sheet_refreshsub
            EDF6              EDF6  ?_329
            EE07              EE07  ?_330
            EE1F              EE1F  ?_331
            EE37              EE37  ?_332
            EE42              EE42  ?_333
            EEC6              EEC6  ?_334
            EED7              EED7  ?_335
            EEEF              EEEF  ?_336
            EF07              EF07  ?_337
            EF13              EF13  ?_338
            EF2A              EF2A  ?_339
            EF91              EF91  ?_340
            EF95              EF95  ?_341
            EFA1              EFA1  ?_342
            EFB1              EFB1  ?_343
            EFBF              EFBF  sheet_refreshmap
            EFDF              EFDF  ?_344
            EFF0              EFF0  ?_345
            F008              F008  ?_346
            F020              F020  ?_347
            F02B              F02B  ?_348
            F0AF              F0AF  ?_349
            F0C0              F0C0  ?_350
            F0D8              F0D8  ?_351
            F0F0              F0F0  ?_352
            F0FB              F0FB  ?_353
            F111              F111  ?_354
            F169              F169  ?_355
            F16D              F16D  ?_356
            F179              F179  ?_357
            F189              F189  ?_358
            F19B              F19B  sheet_free
            F1C9              F1C9  ?_359
            F1D6              F1D6  init_pit
            F22B              F22B  ?_360
            F253              F253  ?_361
            F262              F262  timer_alloc
            F271              F271  ?_362
            F2A9              F2A9  ?_363
            F2AD              F2AD  ?_364
            F2BF              F2BF  ?_365
            F2C1              F2C1  timer_free
            F2D1              F2D1  timer_init
            F2F3              F2F3  timer_settime
            F30B              F30B  intHandlerForTimer
            F342              F342  ?_366
            F3EB              F3EB  ?_367
            F3FA              F3FA  ?_368
            F3FE              F3FE  ?_369
            F40E              F40E  getTimerController
            F418              F418  fifo8_init
            F45F              F45F  fifo8_put
            F47F              F47F  ?_370
            F4A8              F4A8  ?_371
            F4E8              F4E8  ?_372
            F53C              F53C  ?_373
            F541              F541  ?_374
            F543              F543  fifo8_get
            F564              F564  ?_375
            F5A7              F5A7  ?_376
            F5B9              F5B9  ?_377
            F5BB              F5BB  fifo8_status
            F5D0              F5D0  strcmp
            F5EA              F5EA  ?_378
            F5F4              F5F4  ?_379
            F5FD              F5FD  ?_380
            F625              F625  ?_381
            F629              F629  ?_382
            F64F              F64F  ?_383
            F67C              F67C  ?_384
            F6A9              F6A9  ?_385
            F6AE              F6AE  ?_386
            F6B0              F6B0  set_segmdesc
            F6CC              F6CC  ?_387
            F72B              F72B  get_taskctl
            F735              F735  init_task_level
            F77E              F77E  ?_388
            F799              F799  ?_389
            F7A5              F7A5  task_init
            F7D7              F7D7  ?_390
            F8CF              F8CF  ?_391
            F8E2              F8E2  ?_392
            F8F1              F8F1  ?_393
            F966              F966  task_alloc
            F978              F978  ?_394
            FA6C              FA6C  ?_395
            FA70              FA70  ?_396
            FA7F              FA7F  ?_397
            FA81              FA81  task_run
            FA9A              FA9A  ?_398
            FAAD              FAAD  ?_399
            FAD6              FAD6  ?_400
            FAF9              FAF9  ?_401
            FB08              FB08  task_switch
            FB68              FB68  ?_402
            FB9B              FB9B  ?_403
            FBEF              FBEF  ?_404
            FBF2              FBF2  task_sleep
            FC6E              FC6E  ?_405
            FC73              FC73  task_now
            FCA6              FCA6  task_add
            FCF2              FCF2  task_remove
            FD1E              FD1E  ?_406
            FD41              FD41  ?_407
            FD45              FD45  ?_408
            FD53              FD53  ?_409
            FD7E              FD7E  ?_410
            FD97              FD97  ?_411
            FDA3              FDA3  ?_412
            FDBE              FDBE  ?_413
            FDCF              FDCF  task_switchsub
            FDDE              FDDE  ?_414
            FE01              FE01  ?_415
            FE05              FE05  ?_416
            FE0F              FE0F  ?_417
            FE27              FE27  send_message
            FE52              FE52  ?_418
            FE5A              FE5A  ?_419
            FE61              FE61  ?_420
            FE69              FE69  ?_421
            FE6B              FE6B  ?_422
            FE71              FE71  ?_423
            FE75              FE75  ?_424
            FE77              FE77  ?_425
            FE7B              FE7B  ?_426
            FE7F              FE7F  ?_427
            FE83              FE83  ?_428
            FE8B              FE8B  ?_429
            FE8F              FE8F  ?_430
            FE94              FE94  ?_431
            FE9A              FE9A  ?_432
            FE9F              FE9F  ?_433
            FEA5              FEA5  ?_434
            FEAF              FEAF  ?_435
            FEB8              FEB8  ?_436
            FEC2              FEC2  ?_437
            FECC              FECC  ?_438
            FED8              FED8  ?_439
            FEE4              FEE4  ?_440
            FEF0              FEF0  ?_441
            FEF7              FEF7  ?_442
            FF07              FF07  ?_443
            FF0E              FF0E  ?_444
            FF16              FF16  ?_445
            FF32              FF32  memman
            FF52              FF52  keytable
            FFB2              FFB2  keytable1
           10042             10042  keyval
           10044             10044  ?_446
           10045             10045  ?_447
           1004A             1004A  mmx
           1004E             1004E  mmy
           10052             10052  KEY_CONTROL
           10056             10056  show_console_window
           1005A             1005A  console_pos
           10072             10072  table_rgb.2132
           100B2             100B2  cursor.2192
           101B2             101B2  closebtn.2311
           10292             10292  key_shift
           10296             10296  caps_lock
           1029A             1029A  first_task_cons_selector
           1029E             1029E  current_console
           102A2             102A2  console_count
           102A6             102A6  bootInfo
           102AA             102AA  ?_448
           102AC             102AC  ?_449
           102AE             102AE  keyinfo
           102C6             102C6  ?_450
           102CA             102CA  mouseinfo
           102F2             102F2  keybuf
           10312             10312  mousebuf
           10392             10392  mdec
           1039E             1039E  ?_451
           103A2             103A2  timerinfo
           103BE             103BE  timerbuf
           103C6             103C6  mx
           103CA             103CA  my
           103CE             103CE  xsize
           103D2             103D2  ysize
           103D6             103D6  buf_back
           103F2             103F2  buf_mouse
           104F2             104F2  shtMsgBox
           104F6             104F6  shtctl
           104FA             104FA  sht_back
           104FE             104FE  sht_mouse
           10502             10502  mouse_clicked_sht
           10506             10506  task_main
           1050A             1050A  current_console_task
           1050E             1050E  task_a.1827
           10512             10512  tss_a.1826
           10592             10592  tss_b.1825
           105FA             105FA  task_b.1815
           10606             10606  str.2240
           10607             10607  ?_452
           10610             10610  ?_453
           10612             10612  timerctl
           12556             12556  task_timer
           1255A             1255A  taskctl
           12560             12560  _SpuriousHandler
           12561             12561  _KeyBoardHandler
           1257F             1257F  _mouseHandler
           1259D             1259D  _timerHandler
           125B7             125B7  _stackOverFlowHandler
           125D0             125D0  _exceptionHandler
           125E9             125E9  get_font_data
           12602             12602  io_hlt
           12604             12604  io_cli
           12606             12606  io_sti
           12608             12608  io_stihlt
           1260B             1260B  io_in8
           12616             12616  io_in16
           12622             12622  io_in32
           12628             12628  io_out8
           12632             12632  io_out16
           1263D             1263D  io_out32
           12647             12647  io_load_eflags
           1264A             1264A  io_store_eflags
           12651             12651  get_memory_block_count
           12657             12657  get_leds
           1265D             1265D  get_adr_buffer
           12663             12663  get_addr_gdt
           12669             12669  get_code32_addr
           1266F             1266F  load_tr
           12675             12675  farjmp
           12680             12680  asm_cons_putchar
           1269E             1269E  end_app
           126A2             126A2  get_esp
           126A5             126A5  get_ss
           126AA             126AA  start_app
           126D3             126D3  asm_end_app
           126E2             126E2  load_ldt

---- Section .data ------------------------------------------------------------

Real              Virtual           Name
           12700             12700  MemChkBuf
           12800             12800  dwMCRNumber
           12804             12804  LEDS

